// Jest Snapshot v1, https://goo.gl/fbAQLP

exports[`hydrate.ts should dehydrate 1`] = `"{\\"count\\":{\\"text\\":\\"hello\\",\\"tags\\":[\\"foo\\"]}}"`;
